1 - Memory Buffer Error
2 - Syntax Error
